
   PASS  Tests\Unit\ExampleTest
  ✓ that true is true

   PASS  Tests\Feature\AuthTest
  ✓ user can register but not login without verification                 0.28s
  ✓ user can verify otp and login                                        0.02s

   PASS  Tests\Feature\ExampleTest
  ✓ the application returns a redirect                                   0.01s

  Tests:    4 passed (11 assertions)
  Duration: 0.37s
